<?xml version="1.0" encoding="UTF-8"?>
<testsuites name="Mocha Tests" time="0.2680" tests="1" failures="0">
  <testsuite name="Root Suite" timestamp="2022-11-17T19:23:31" tests="1" file="cypress\e2e\privacy.cy.js" time="0.2680" failures="0">
    <testcase name="testa a página da política de privavidade de forma independente" time="0.2680" classname="testa a página da política de privavidade de forma independente">
    </testcase>
  </testsuite>
</testsuites>